BEGIN 2026-09-08T17:36:17Z PBCounterexample/Basic
END 2026-09-08T17:36:19Z PBCounterexample/Basic rc=0
BEGIN 2026-09-08T17:36:19Z PBCounterexample/FiniteExpressions
END 2026-09-08T17:36:21Z PBCounterexample/FiniteExpressions rc=0
BEGIN 2026-09-08T17:36:21Z PBCounterexample/Semialgebraic
END 2026-09-08T17:36:28Z PBCounterexample/Semialgebraic rc=0
BEGIN 2026-09-08T17:36:28Z PBCounterexample/RadialScalar
END 2026-09-08T17:36:31Z PBCounterexample/RadialScalar rc=0
BEGIN 2026-09-08T17:36:31Z PBCounterexample/RadialPolynomial
END 2026-09-08T17:36:33Z PBCounterexample/RadialPolynomial rc=0
BEGIN 2026-09-08T17:36:33Z PBCounterexample/PolynomialSelection
END 2026-09-08T17:36:40Z PBCounterexample/PolynomialSelection rc=0
BEGIN 2026-09-08T17:36:40Z PBCounterexample/LatticeThreshold
END 2026-09-08T17:36:42Z PBCounterexample/LatticeThreshold rc=0
BEGIN 2026-09-08T17:36:42Z PBCounterexample/WeightedPolynomial
END 2026-09-08T17:36:45Z PBCounterexample/WeightedPolynomial rc=0
BEGIN 2026-09-08T17:36:45Z PBCounterexample/Gram5Data
END 2026-09-08T17:36:57Z PBCounterexample/Gram5Data rc=0
BEGIN 2026-09-08T17:36:57Z PBCounterexample/Gram5Variations
END 2026-09-08T17:37:05Z PBCounterexample/Gram5Variations rc=0
BEGIN 2026-09-08T17:37:05Z PBCounterexample/Gram5Differential
END 2026-09-08T17:37:12Z PBCounterexample/Gram5Differential rc=0
BEGIN 2026-09-08T17:37:12Z PBCounterexample/Gram5Implicit
END 2026-09-08T17:37:21Z PBCounterexample/Gram5Implicit rc=0
BEGIN 2026-09-08T17:37:21Z PBCounterexample/Gram5Paths
END 2026-09-08T17:37:29Z PBCounterexample/Gram5Paths rc=0
BEGIN 2026-09-08T17:37:29Z PBCounterexample/Gram5Selection
END 2026-09-08T17:37:50Z PBCounterexample/Gram5Selection rc=0
BEGIN 2026-09-08T17:37:50Z PBCounterexample/Gram5Scaling
END 2026-09-08T17:37:59Z PBCounterexample/Gram5Scaling rc=0
BEGIN 2026-09-08T17:37:59Z PBCounterexample/Gram5PositivePaths
END 2026-09-08T17:38:07Z PBCounterexample/Gram5PositivePaths rc=0
BEGIN 2026-09-08T17:38:07Z PBCounterexample/Gram5FiniteTests
END 2026-09-08T17:38:14Z PBCounterexample/Gram5FiniteTests rc=0
BEGIN 2026-09-08T17:38:14Z PBCounterexample/Gram5LowWeights
END 2026-09-08T17:38:26Z PBCounterexample/Gram5LowWeights rc=0
BEGIN 2026-09-08T17:38:26Z PBCounterexample/Gram5WeightedKernel
END 2026-09-08T17:38:45Z PBCounterexample/Gram5WeightedKernel rc=0
BEGIN 2026-09-08T17:38:45Z PBCounterexample/Gram5LeafDecomposition
END 2026-09-08T17:38:52Z PBCounterexample/Gram5LeafDecomposition rc=0
BEGIN 2026-09-08T17:38:52Z PBCounterexample/Gram5LeafLimits
END 2026-09-08T17:38:59Z PBCounterexample/Gram5LeafLimits rc=0
BEGIN 2026-09-08T17:38:59Z PBCounterexample/Gram5FiniteFamily
END 2026-09-08T17:39:06Z PBCounterexample/Gram5FiniteFamily rc=0
BEGIN 2026-09-08T17:39:06Z PBCounterexample/Gram5Degree
END 2026-09-08T17:39:15Z PBCounterexample/Gram5Degree rc=0
BEGIN 2026-09-08T17:39:15Z PBCounterexample/Gram5Main
END 2026-09-08T17:39:22Z PBCounterexample/Gram5Main rc=0
BEGIN 2026-09-08T17:39:22Z PBCounterexample
END 2026-09-08T17:39:28Z PBCounterexample rc=0
BEGIN 2026-09-08T17:39:28Z gram5_independent_contract_20260908
END 2026-09-08T17:39:36Z gram5_independent_contract_20260908 rc=0
BEGIN 2026-09-08T17:39:36Z gram5_independent_binding_20260908
END 2026-09-08T17:39:46Z gram5_independent_binding_20260908 rc=0
BEGIN 2026-09-08T17:39:46Z gram5_independent_intermediate_binding_20260908
END 2026-09-08T17:39:54Z gram5_independent_intermediate_binding_20260908 rc=0
BEGIN 2026-09-08T17:39:54Z gram5_independent_audit_tooling_20260908
END 2026-09-08T17:40:02Z gram5_independent_audit_tooling_20260908 rc=0
SOURCE_FRESH_BUILD_PASS 2026-09-08T17:40:02Z math_modules=24 independent_math_modules=3 wrapper=1 audit_tool=1
BEGIN 2026-09-08T17:40:02Z complete-raw-and-empty-kernel-audit
END 2026-09-08T17:41:22Z complete-raw-and-empty-kernel-audit rc=0
FULL_VERIFICATION_TASK_EXIT=0
