PBCounterexample/Gram6FiniteParameters.lean:148:47: warning: Used `tac1 <;> tac2` where `(tac1; tac2)` would suffice

Note: This linter can be disabled with `set_option linter.unnecessarySeqFocus false`
PBCounterexample/Gram6FiniteParameters.lean:148:60: warning: Used `tac1 <;> tac2` where `(tac1; tac2)` would suffice

Note: This linter can be disabled with `set_option linter.unnecessarySeqFocus false`
PBCounterexample/Gram6FiniteParameters.lean:150:74: warning: Used `tac1 <;> tac2` where `(tac1; tac2)` would suffice

Note: This linter can be disabled with `set_option linter.unnecessarySeqFocus false`
PBCounterexample/Gram6FiniteParameters.lean:151:15: warning: Used `tac1 <;> tac2` where `(tac1; tac2)` would suffice

Note: This linter can be disabled with `set_option linter.unnecessarySeqFocus false`
PBCounterexample/Gram6FiniteParameters.lean:154:46: warning: Used `tac1 <;> tac2` where `(tac1; tac2)` would suffice

Note: This linter can be disabled with `set_option linter.unnecessarySeqFocus false`
PBCounterexample/Gram6FiniteParameters.lean:154:59: warning: Used `tac1 <;> tac2` where `(tac1; tac2)` would suffice

Note: This linter can be disabled with `set_option linter.unnecessarySeqFocus false`
PBCounterexample/Gram6FiniteParameters.lean:156:59: warning: Used `tac1 <;> tac2` where `(tac1; tac2)` would suffice

Note: This linter can be disabled with `set_option linter.unnecessarySeqFocus false`
PBCounterexample/Gram6FiniteParameters.lean:156:72: warning: Used `tac1 <;> tac2` where `(tac1; tac2)` would suffice

Note: This linter can be disabled with `set_option linter.unnecessarySeqFocus false`
PBCounterexample/Gram6FiniteParameters.lean:158:74: warning: Used `tac1 <;> tac2` where `(tac1; tac2)` would suffice

Note: This linter can be disabled with `set_option linter.unnecessarySeqFocus false`
PBCounterexample/Gram6FiniteParameters.lean:159:15: warning: Used `tac1 <;> tac2` where `(tac1; tac2)` would suffice

Note: This linter can be disabled with `set_option linter.unnecessarySeqFocus false`
PBCounterexample/Gram6FiniteParameters.lean:162:68: warning: Used `tac1 <;> tac2` where `(tac1; tac2)` would suffice

Note: This linter can be disabled with `set_option linter.unnecessarySeqFocus false`
PBCounterexample/Gram6FiniteParameters.lean:163:17: warning: Used `tac1 <;> tac2` where `(tac1; tac2)` would suffice

Note: This linter can be disabled with `set_option linter.unnecessarySeqFocus false`
PBCounterexample/Gram6FiniteParameters.lean:190:6: warning: Unused tactic linter: `ring` does nothing

Note: This linter can be disabled with `set_option linter.unusedTactic false`
PBCounterexample/Gram6FiniteParameters.lean:190:6: warning: this tactic is never executed

Note: This linter can be disabled with `set_option linter.unreachableTactic false`
