PBCounterexample/PolynomialSelection.lean:55:0: warning: automatically included section variable(s) unused in theorem `PBCounterexample.PolynomialSelection.isClosed_zeroRegion`:
  [Nonempty α]
consider restructuring your `variable` declarations so that the variables are not in scope or explicitly omit them:
  omit [Nonempty α] in theorem ...

Note: This linter can be disabled with `set_option linter.unusedSectionVars false`
PBCounterexample/PolynomialSelection.lean:60:0: warning: automatically included section variable(s) unused in theorem `PBCounterexample.PolynomialSelection.isClosed_polynomialRegion`:
  [Fintype α]
  [Nonempty α]
consider restructuring your `variable` declarations so that the variables are not in scope or explicitly omit them:
  omit [Fintype α] [Nonempty α] in theorem ...

Note: This linter can be disabled with `set_option linter.unusedSectionVars false`
PBCounterexample/PolynomialSelection.lean:67:0: warning: automatically included section variable(s) unused in theorem `PBCounterexample.PolynomialSelection.semialgebraic_zeroRegion`:
  [Nonempty α]
consider restructuring your `variable` declarations so that the variables are not in scope or explicitly omit them:
  omit [Nonempty α] in theorem ...

Note: This linter can be disabled with `set_option linter.unusedSectionVars false`
PBCounterexample/PolynomialSelection.lean:71:0: warning: automatically included section variable(s) unused in theorem `PBCounterexample.PolynomialSelection.semialgebraic_polynomialRegion`:
  [Nonempty α]
consider restructuring your `variable` declarations so that the variables are not in scope or explicitly omit them:
  omit [Nonempty α] in theorem ...

Note: This linter can be disabled with `set_option linter.unusedSectionVars false`
